Prompt display

Command history (up and down arrows)

System executables available from the environment (ls, cat, grep, etc.)

Builtin commands:

echo: Allow option -n
cd: Relative or absolute path
pwd: No args
export: Export variables in bash
unset: No args
env: No options. No args
exit: Allow exit number
Pipes: | which redirect output from one command to input for the next

Re-directions:

> redirects output

>> redirects output in append mode

< redirects input

<< DELIMITER displays a new prompt. HereDoc DELIMITER redirects user input to command input

$? expands to the exit status of the most recently executed foreground pipeline.

Signals:

ctrl-c: displays a new prompt line. SIGINT: SIGINT resets the user input prompt to a new blank line.
ctrl-d: exit.
ctrl-\: does nothing.
Priorities operator || and &&

Lexer: It helps you to convert a sequence of characters into a sequence of tokens

Parser: The parser will then check for invalid syntax and create a kind of command


cositas de joseph

variables globales ARG="32"
$? verifica que el programa se haya cerrado correctamente 0 o 1

COSAS QUE COMENTAR::

echo -n
env $ñjaskjslkaj lo expande a null
env $path

pau@DESKTOP-2VM55JD:/mnt/c/Users/paura$ env $Desktop?
env: ‘?’: No such file or directory

pau@DESKTOP-2VM55JD:/mnt/c/Users/paura$ env $jlasjsaj-
pau@DESKTOP-2VM55JD:/mnt/c/Users/paura$

export necesario el = para que entre en el env sino se queda en el export

el export debe funcionar apesar de que haya una variable que no funcione 
ej: export p 9l debe añadir la variable p pero el 9l no y debe enviar un mensaje de error

si nos quitan permisos de ususario funciona pwd?

pau@DESKTOP-2VM55JD:/mnt/c/Users/paura$ ls k
ls: cannot access 'k': No such file or directory

todos los comandos con *

con $todo se vuelve completamente loco

pau@DESKTOP-2VM55JD:/mnt/c/Users/paura$ export $-jsjldsjl-
-bash: export: `himBHsjsjldsjl-': not a valid identifier

pau@DESKTOP-2VM55JD:/mnt/c/Users/paura$ env $ah_L8- j
env: ‘j’: No such file or directory

pau@DESKTOP-2VM55JD:/mnt/c/Users/paura$ env $645
env: ‘45’: No such file or directory

pau@DESKTOP-2VM55JD:/mnt/c/Users/paura/Desktop/42/42$ ls |
> 

comprobar cuando se expande la pipe a null
42/minishell$ env fghjk |
>

cosas a hacer

variable puntero para determi nar si esta bien el prompt

pramos@c1r13s5:~/Desktop/42$ echo hola |k,gorkg,r | mgrkmrk |cat | ls
comandos_visual  ft_printf	libft		  philosofers  so_long
first_mini	 get_next_line	minishell_prueba  push_swap
mgrkmrk: command not found
k,gorkg,r: command not found

lo que le paso a joseph no es argv es mi input por si hay que modificarlo

Minishell->ls > fghjk
ls
>
fghjk
ThreadSanitizer:DEADLYSIGNAL

$variables por defecto solucionar


